------------------------------------------------------------
Timing Analyzer Summary
------------------------------------------------------------

Type  : Slow 1200mV 85C Model Setup 'smoke'
Slack : -3.537
TNS   : -5.750

Type  : Slow 1200mV 85C Model Setup 'clk_temp[20]'
Slack : -3.231
TNS   : -5.758

Type  : Slow 1200mV 85C Model Setup 'pr_state.three'
Slack : -2.780
TNS   : -2.780

Type  : Slow 1200mV 85C Model Setup 'clk50MHz'
Slack : -1.996
TNS   : -25.719

Type  : Slow 1200mV 85C Model Hold 'clk50MHz'
Slack : 0.356
TNS   : 0.000

Type  : Slow 1200mV 85C Model Hold 'smoke'
Slack : 1.527
TNS   : 0.000

Type  : Slow 1200mV 85C Model Hold 'pr_state.three'
Slack : 2.034
TNS   : 0.000

Type  : Slow 1200mV 85C Model Hold 'clk_temp[20]'
Slack : 2.867
TNS   : 0.000

Type  : Slow 1200mV 85C Model Minimum Pulse Width 'clk50MHz'
Slack : -3.000
TNS   : -32.463

Type  : Slow 1200mV 85C Model Minimum Pulse Width 'smoke'
Slack : -3.000
TNS   : -3.000

Type  : Slow 1200mV 85C Model Minimum Pulse Width 'clk_temp[20]'
Slack : -1.403
TNS   : -4.209

Type  : Slow 1200mV 85C Model Minimum Pulse Width 'pr_state.three'
Slack : 0.417
TNS   : 0.000

Type  : Slow 1200mV 0C Model Setup 'smoke'
Slack : -3.481
TNS   : -5.595

Type  : Slow 1200mV 0C Model Setup 'clk_temp[20]'
Slack : -2.804
TNS   : -5.029

Type  : Slow 1200mV 0C Model Setup 'pr_state.three'
Slack : -2.541
TNS   : -2.541

Type  : Slow 1200mV 0C Model Setup 'clk50MHz'
Slack : -1.655
TNS   : -21.258

Type  : Slow 1200mV 0C Model Hold 'clk50MHz'
Slack : 0.321
TNS   : 0.000

Type  : Slow 1200mV 0C Model Hold 'smoke'
Slack : 1.414
TNS   : 0.000

Type  : Slow 1200mV 0C Model Hold 'pr_state.three'
Slack : 1.955
TNS   : 0.000

Type  : Slow 1200mV 0C Model Hold 'clk_temp[20]'
Slack : 2.615
TNS   : 0.000

Type  : Slow 1200mV 0C Model Minimum Pulse Width 'clk50MHz'
Slack : -3.000
TNS   : -32.463

Type  : Slow 1200mV 0C Model Minimum Pulse Width 'smoke'
Slack : -3.000
TNS   : -3.000

Type  : Slow 1200mV 0C Model Minimum Pulse Width 'clk_temp[20]'
Slack : -1.403
TNS   : -4.209

Type  : Slow 1200mV 0C Model Minimum Pulse Width 'pr_state.three'
Slack : 0.425
TNS   : 0.000

Type  : Fast 1200mV 0C Model Setup 'clk_temp[20]'
Slack : -1.592
TNS   : -2.773

Type  : Fast 1200mV 0C Model Setup 'pr_state.three'
Slack : -1.168
TNS   : -1.168

Type  : Fast 1200mV 0C Model Setup 'clk50MHz'
Slack : -0.799
TNS   : -1.165

Type  : Fast 1200mV 0C Model Setup 'smoke'
Slack : -0.773
TNS   : -1.332

Type  : Fast 1200mV 0C Model Hold 'clk50MHz'
Slack : 0.152
TNS   : 0.000

Type  : Fast 1200mV 0C Model Hold 'smoke'
Slack : 0.580
TNS   : 0.000

Type  : Fast 1200mV 0C Model Hold 'pr_state.three'
Slack : 0.792
TNS   : 0.000

Type  : Fast 1200mV 0C Model Hold 'clk_temp[20]'
Slack : 1.838
TNS   : 0.000

Type  : Fast 1200mV 0C Model Minimum Pulse Width 'clk50MHz'
Slack : -3.000
TNS   : -24.778

Type  : Fast 1200mV 0C Model Minimum Pulse Width 'smoke'
Slack : -3.000
TNS   : -3.142

Type  : Fast 1200mV 0C Model Minimum Pulse Width 'clk_temp[20]'
Slack : -1.000
TNS   : -3.000

Type  : Fast 1200mV 0C Model Minimum Pulse Width 'pr_state.three'
Slack : 0.461
TNS   : 0.000

------------------------------------------------------------
